// Jest Snapshot v1, https://goo.gl/fbAQLP

exports[`in integration tests renderToString should apply backgroundColor to paddings 1`] = `
"@[41m               @[49m                         
@[41m               @[49m                         
@[41m  Hello World  @[49m                         
@[41m               @[49m                         
@[41m               @[49m                         
                                        "
`;

exports[`in integration tests renderToString should apply backgroundColor whole content with fixed height 1`] = `
"@[41mHello World@[49m                             
@[41m           @[49m                             
@[41m           @[49m                             
@[41m           @[49m                             
                                        
                                        "
`;

exports[`in integration tests renderToString should apply backgroundColor whole content with fixed height 2`] = `
"@[41mHello World @[49m                            
@[41m            @[49m                            
@[41m            @[49m                            
@[41m            @[49m                            
                                        
                                        "
`;

exports[`in integration tests renderToString with fixed positioning should correctly left-trim element with border 1`] = `
"────┐  
ello│  
────┘  "
`;

exports[`in integration tests renderToString with fixed positioning should correctly left-trim element with border 2`] = `
"@[31m────┐@[0m  @[0m
@[39mello@[0m@[39m@[31m│@[0m  @[0m
@[31m────┘@[0m  @[0m"
`;
