// Jest Snapshot v1, https://goo.gl/fbAQLP

exports[`App should render 1`] = `
"  react-slate playground                                    
                                                            
  (use \\"w\\" and \\"s\\" to navigate)                             
  (press \\"m\\" to move preview using \\"w\\", \\"a\\", \\"s\\", \\"d\\")      
                                                            
   Spinner                    ┌──────────────────┐          
   ProgressBar                │     Preview:     │          
                              │                  │          
  ┌───────┐                   │                  │          
  │Scroll!│                   │                  │          
  └───────┘                   └──────────────────┘          
  Press \\"x\\" to disable scroll                               
                                                            
                                                            
                                                            
                                                            
                                                            
                                                            
                                                            
                                                            "
`;
