// Jest Snapshot v1, https://goo.gl/fbAQLP

exports[`Text component renders children 1`] = `
"Hello world
Something more
No way
Haha"
`;

exports[`Text component respects color and background color 1`] = `"[0m[35m[46mHello world[49m[39m[0m"`;

exports[`Text component respects fontStyle 1`] = `"[0m[3mHello world[23m[0m"`;

exports[`Text component respects fontStyle 2`] = `"[0mHello world[0m"`;

exports[`Text component respects fontWeight 1`] = `"[0m[1mHello world[22m[0m"`;

exports[`Text component respects fontWeight 2`] = `"[0mHello world[0m"`;

exports[`Text component respects textDecoration 1`] = `"[0m[4mHello world[24m[0m"`;

exports[`Text component respects textDecoration 2`] = `"[0m[9mHello world[29m[0m"`;

exports[`Text component respects textDecoration 3`] = `"[0mHello world[0m"`;

exports[`Text component respects textTransform 1`] = `"[0mHello World[0m"`;

exports[`Text component respects textTransform 2`] = `"[0mHELLO WORLD[0m"`;

exports[`Text component respects textTransform 3`] = `"[0mhello world[0m"`;

exports[`Text component respects textTransform 4`] = `"[0mHello world[0m"`;

exports[`Text component respects visibility 1`] = `"[0mHello world[0m"`;

exports[`Text component respects visibility 2`] = `"[0m[8mHello world[28m[0m"`;
